// Jest Snapshot v1, https://goo.gl/fbAQLP

exports[`ComponentName should render my component 1`] = `
Array [
  <div
    className="subtotal"
  >
    <CurrencyFormat
      allowNegative={true}
      decimalScale={2}
      decimalSeparator="."
      displayType="text"
      fixedDecimalScale={false}
      isAllowed={[Function]}
      isNumericString={false}
      onBlur={[Function]}
      onChange={[Function]}
      onFocus={[Function]}
      onKeyDown={[Function]}
      onMouseUp={[Function]}
      onValueChange={[Function]}
      prefix="‎₹"
      renderText={[Function]}
      suffix=""
      thousandSeparator={true}
      thousandSpacing="3"
      type="text"
    />
    <button>
      Proceed to checkout
    </button>
  </div>,
]
`;
